---
source: src/lib.rs
expression: result.to_string()
---
3
